{"key":"Goodbye","value":"world"}
{"key":"Hello","value":"world"}
{"key":"Hello","value":"world"}
{"key":"Goodbye","value":"world"}
